Archive member included because of file (symbol)

/usr/local/OAT/lib/gcc/arm-elf/4.3.2/../../../../arm-elf/lib/interwork/libm.a(lib_a-s_cos.o)
                              src/haversine.o (cos)
/usr/local/OAT/lib/gcc/arm-elf/4.3.2/../../../../arm-elf/lib/interwork/libm.a(lib_a-s_sin.o)
                              src/haversine.o (sin)
/usr/local/OAT/lib/gcc/arm-elf/4.3.2/../../../../arm-elf/lib/interwork/libm.a(lib_a-w_atan2.o)
                              src/haversine.o (atan2)
/usr/local/OAT/lib/gcc/arm-elf/4.3.2/../../../../arm-elf/lib/interwork/libm.a(lib_a-w_sqrt.o)
                              src/haversine.o (sqrt)
/usr/local/OAT/lib/gcc/arm-elf/4.3.2/../../../../arm-elf/lib/interwork/libm.a(lib_a-e_atan2.o)
                              /usr/local/OAT/lib/gcc/arm-elf/4.3.2/../../../../arm-elf/lib/interwork/libm.a(lib_a-w_atan2.o) (__ieee754_atan2)
/usr/local/OAT/lib/gcc/arm-elf/4.3.2/../../../../arm-elf/lib/interwork/libm.a(lib_a-e_rem_pio2.o)
                              /usr/local/OAT/lib/gcc/arm-elf/4.3.2/../../../../arm-elf/lib/interwork/libm.a(lib_a-s_cos.o) (__ieee754_rem_pio2)
/usr/local/OAT/lib/gcc/arm-elf/4.3.2/../../../../arm-elf/lib/interwork/libm.a(lib_a-e_sqrt.o)
                              /usr/local/OAT/lib/gcc/arm-elf/4.3.2/../../../../arm-elf/lib/interwork/libm.a(lib_a-w_sqrt.o) (__ieee754_sqrt)
/usr/local/OAT/lib/gcc/arm-elf/4.3.2/../../../../arm-elf/lib/interwork/libm.a(lib_a-k_cos.o)
                              /usr/local/OAT/lib/gcc/arm-elf/4.3.2/../../../../arm-elf/lib/interwork/libm.a(lib_a-s_cos.o) (__kernel_cos)
/usr/local/OAT/lib/gcc/arm-elf/4.3.2/../../../../arm-elf/lib/interwork/libm.a(lib_a-k_rem_pio2.o)
                              /usr/local/OAT/lib/gcc/arm-elf/4.3.2/../../../../arm-elf/lib/interwork/libm.a(lib_a-e_rem_pio2.o) (__kernel_rem_pio2)
/usr/local/OAT/lib/gcc/arm-elf/4.3.2/../../../../arm-elf/lib/interwork/libm.a(lib_a-k_sin.o)
                              /usr/local/OAT/lib/gcc/arm-elf/4.3.2/../../../../arm-elf/lib/interwork/libm.a(lib_a-s_cos.o) (__kernel_sin)
/usr/local/OAT/lib/gcc/arm-elf/4.3.2/../../../../arm-elf/lib/interwork/libm.a(lib_a-s_atan.o)
                              /usr/local/OAT/lib/gcc/arm-elf/4.3.2/../../../../arm-elf/lib/interwork/libm.a(lib_a-e_atan2.o) (atan)
/usr/local/OAT/lib/gcc/arm-elf/4.3.2/../../../../arm-elf/lib/interwork/libm.a(lib_a-s_fabs.o)
                              /usr/local/OAT/lib/gcc/arm-elf/4.3.2/../../../../arm-elf/lib/interwork/libm.a(lib_a-e_atan2.o) (fabs)
/usr/local/OAT/lib/gcc/arm-elf/4.3.2/../../../../arm-elf/lib/interwork/libm.a(lib_a-s_floor.o)
                              /usr/local/OAT/lib/gcc/arm-elf/4.3.2/../../../../arm-elf/lib/interwork/libm.a(lib_a-k_rem_pio2.o) (floor)
/usr/local/OAT/lib/gcc/arm-elf/4.3.2/../../../../arm-elf/lib/interwork/libm.a(lib_a-s_isnand.o)
                              /usr/local/OAT/lib/gcc/arm-elf/4.3.2/../../../../arm-elf/lib/interwork/libm.a(lib_a-w_sqrt.o) (__isnand)
/usr/local/OAT/lib/gcc/arm-elf/4.3.2/../../../../arm-elf/lib/interwork/libm.a(lib_a-s_lib_ver.o)
                              /usr/local/OAT/lib/gcc/arm-elf/4.3.2/../../../../arm-elf/lib/interwork/libm.a(lib_a-w_sqrt.o) (__fdlib_version)
/usr/local/OAT/lib/gcc/arm-elf/4.3.2/../../../../arm-elf/lib/interwork/libm.a(lib_a-s_matherr.o)
                              /usr/local/OAT/lib/gcc/arm-elf/4.3.2/../../../../arm-elf/lib/interwork/libm.a(lib_a-w_sqrt.o) (matherr)
/usr/local/OAT/lib/gcc/arm-elf/4.3.2/../../../../arm-elf/lib/interwork/libm.a(lib_a-s_scalbn.o)
                              /usr/local/OAT/lib/gcc/arm-elf/4.3.2/../../../../arm-elf/lib/interwork/libm.a(lib_a-k_rem_pio2.o) (scalbn)
/usr/local/OAT/lib/gcc/arm-elf/4.3.2/../../../../arm-elf/lib/interwork/libm.a(lib_a-s_copysign.o)
                              /usr/local/OAT/lib/gcc/arm-elf/4.3.2/../../../../arm-elf/lib/interwork/libm.a(lib_a-s_scalbn.o) (copysign)
/cygdrive/c/OpenAT/OS/6.21.02/ADL/gcc_wmadl_6.21.02.0.0.lib(mos_ftr.o)
                              mos_header.o (mos_ftrkey)
/cygdrive/c/OpenAT/OS/6.21.02/ADL/gcc_wmadl_6.21.02.0.0.lib(opec_lst.o)
                              src/GpsInterface.o (wm_lstGetItem)
/cygdrive/c/OpenAT/OS/6.21.02/ADL/gcc_wmadl_6.21.02.0.0.lib(opec_std.o)
                              src/TempoCasesTask.o (wm_hexatoi)
/cygdrive/c/OpenAT/OS/6.21.02/ADL/gcc_wmadl_6.21.02.0.0.lib(adl_ad.o)
                              src/DOTAOperation.o (adl_adFinalise)
/cygdrive/c/OpenAT/OS/6.21.02/ADL/gcc_wmadl_6.21.02.0.0.lib(adl_adc.o)
                              src/adc.o (adl_adcAnalogRead)
/cygdrive/c/OpenAT/OS/6.21.02/ADL/gcc_wmadl_6.21.02.0.0.lib(adl_AppliInit.o)
                              mos_header.o (mos_headerInnerTasks)
/cygdrive/c/OpenAT/OS/6.21.02/ADL/gcc_wmadl_6.21.02.0.0.lib(adl_audio.o)
                              /cygdrive/c/OpenAT/OS/6.21.02/ADL/gcc_wmadl_6.21.02.0.0.lib(adl_AppliInit.o) (adlint_audioEventHandler)
/cygdrive/c/OpenAT/OS/6.21.02/ADL/gcc_wmadl_6.21.02.0.0.lib(adl_bus.o)
[...]
Memory Configuration

Name             Origin             Length             Attributes
ROM_MAP          0x00220000         0x00800000         xr
RAM_MAP          0x180c0000         0x00800000         !xr
*default*        0x00000000         0xffffffff

Linker script and memory map

LOAD src/gpioTest.o
LOAD src/adc.o
LOAD src/FlashTest.o
LOAD src/wyhook_HAL.o
LOAD src/XactUtilities.o
LOAD src/SimOperations.o
LOAD src/status.o
LOAD src/WaypointControl.o
LOAD src/alarm_suppress.o
LOAD src/GPSCtrl.o
LOAD src/anolclient.o
LOAD src/GpsInterface.o
LOAD src/LED.o
LOAD src/TempoCasesTask.o
LOAD src/PowerCtrl.o
LOAD src/i2c_accelerometer.o
LOAD src/wyhook_Application.o
LOAD src/fence.o
LOAD src/Accelerometer.o
LOAD src/ota_at.o
LOAD src/XactTests.o
LOAD src/wyhook_Message.o
LOAD src/ConfigSettings.o
LOAD src/InternalFlash.o
LOAD src/haversine.o
LOAD src/CallBackMethods.o
LOAD src/Timers.o
LOAD src/VibrationMotor.o
LOAD src/button.o
LOAD src/DOTAOperation.o
LOAD src/gpioconfig.o
LOAD src/adl_main.o
LOAD src/dogwalk.o
LOAD src/COMMR572.o
LOAD src/USB.o
LOAD src/i2c.o
LOAD src/ublox.o
LOAD src/GPRS.o
LOAD src/SMShandling.o
LOAD src/Traces.o
LOAD src/airplane_mode.o
LOAD src/CommandHandlerXACT.o
LOAD src/protocol.o
LOAD src/diagnose.o
LOAD flash_src/atmel_flashDriver.o
LOAD /usr/local/OAT/lib/gcc/arm-elf/4.3.2/../../../../arm-elf/lib/interwork/libm.a
LOAD /usr/local/OAT/lib/gcc/arm-elf/4.3.2/../../../../arm-elf/lib/interwork/libm.a

.oat_header     0x00220000       0x64
 mos_header.o(.rodata*)
 .rodata        0x00220000       0x60 mos_header.o
                0x00220000                mos_BinHeader
 .rodata.str1.4
                0x00220060        0x4 mos_header.o

.text           0x00220064    0x52ef0
                0x00220064                PROVIDE (Image$$APP_RO$$Base, .)
                0x00220064                PROVIDE (Image$$RO$$Base, .)
 *(.text)
 .text          0x00220064      0xa20 src/gpioTest.o
                0x00220210                InitializeUnusedGpio
                0x00220084                GpioWrite
                0x00220554                readMagSens
                0x00220544                ReadMagSensorGPIO
                0x00220074                IsOnBatt
                0x00220534                ReadSOSGPIO
                0x00220258                ResetSPIFlash
                0x002202ac                GpioRead
                0x00220460                ProcessIginitionButton
                0x00220064                IsUSBConnected
                0x002201d4                TurnOffFF
                0x00220564                GPIOTimer
 .text          0x00220a84      0x3d4 src/adc.o
                0x00220b6c                ReadAnalogSensorVoltage
                0x00220a84                StopAnalogSensorReadTimer
                0x00220b20                StartADCReadTimer
                0x00220ab8                StopADCReadTimer
                0x00220aec                StartAnalogSensorReadTimer
 .text          0x00220e58      0x25c src/FlashTest.o
                0x00220ed0                FlashWrite
                0x00221050                FlashSubscribe
                0x00220fc4                FlashExists
                0x00220f5c                FlashRead
                0x00220e58                FlashErase
 .text          0x002210b4        0x0 src/wyhook_HAL.o
 .text          0x002210b4      0x7c8 src/XactUtilities.o
                0x002210b4                DumpMessageUSB
                0x00221100                DumpMessage
                0x00221460                hex_ascii_2_uint
                0x00221600                uint_2_hex_ascii
                0x00221130                DisplayErrorCode
 .text          0x0022187c      0x1b8 src/SimOperations.o
                0x0022187c                IsSimInit
                0x0022188c                evhSimHandler
 .text          0x00221a34      0x2fc src/status.o
                0x00221c44                InitStatus
                0x00221ab0                ClearAlarms
                0x00221a34                Status_setGSMStatus
                0x00221a78                Status_setResetReason
                0x00221a5c                Status_getGSMStatus
 .text          0x00221d30      0xec0 src/WaypointControl.o
                0x002221fc                ReadWaypoint
                0x002227e0                WriteWaypoint
                0x00222a98                WriteWaypointFromFix
                0x002223a8                DumpWaypointsUSB
                0x00221e50                DisplayNumWaypointsUSB
                0x00221ff4                DisplayWaypoint
                0x00221e90                DisplayWaypointUSB
                0x00221d40                DisplayPointers
                0x002225ac                FindFlashLocation
                0x00222738                CheckFactorySetupSpiFlash
                0x00222b40                SpiFlashFactoryInit
                0x00222ba4                InitSpiFlash
                0x00221d30                GetNumWaypoints
 .text          0x00222bf0       0xdc src/alarm_suppress.o
                0x00222c30                alarm_suppress_status
                0x00222bf0                alarm_suppress_set_alarm_time
 .text          0x00222ccc      0xf84 src/GPSCtrl.o
                0x00222cdc                SetFixStatus
                0x00222d00                ShutDownGPS
                0x00223278                Proc2DFix
                0x00222d3c                GetConvertTime
                0x00222ccc                ConfigSettings_setOTA38
                0x00222cec                GPSTimeoutHandler
                0x002239d0                DisplayGPSStates
                0x002232fc                NextFixHandler
 .text          0x00223c50      0xc8c src/anolclient.o
                0x00223e44                AGPSTxRequeset
                0x00223dd4                performColdStart
                0x00223c50                agps_display_float
                0x00223d84                get_agps_status
                0x00223d94                set_agps_status
                0x00224204                performAGPS
                0x00224120                getAssistNowOnlineData
 .text          0x002248dc     0x11a4 src/GpsInterface.o
                0x00225958                GetGGAInfo
                0x00224930                GetSV_SRN
                0x00224980                util_NumberOfFields
                0x002248dc                GetVGTInfo
                0x002259f8                GpsInit
                0x00224ef0                CmdHandlerNMEA
                0x00224f8c                gps_Stop
                0x00224eb4                gps_Start
                0x002249d0                util_IsAllDigits
                0x00224bfc                util_GetStringField
                0x00224f90                CmdHandlerGPSOFF
                0x00224a14                FilterSpeed
                0x00224fd0                ParseNMEA
                0x00225940                GetNMEAError
                0x00224920                IsGPSInitialized
                0x00224e74                CmdHandlerGPSON
                0x00224dbc                NMEAFailure
 .text          0x00225a80      0x7d0 src/LED.o
                0x00225b84                BlinkLED
                0x00225b44                ShutOffLED
                0x00225abc                TurnOffLEDNum
                0x00225aac                SetGPSLedStatus
                0x00225ae0                TurnOnLEDNum
                0x00225a80                check_shutdown_start
                0x00225b04                TurnOnLED
 .text          0x00226250      0x744 src/TempoCasesTask.o
                0x00226360                TC_DataHandler
                0x00226250                TempoCasesTask
                0x0022632c                DumpMessageTC
                0x002267e4                TC_packet_scheduler
                0x002262e0                UnsubscribeTempoTaskTimer
                0x00226700                TC_CtrlHandler
 .text          0x00226994      0xf5c src/PowerCtrl.o
                0x0022755c                PowerCtrlFSM
                0x002269a4                PowerCtrl_GetTXMode
                0x00226994                GetSlowIdleMode
                0x00226ec4                InitPowerCtrl
                0x002272f8                ExitSlowIdleMode
                0x00226de0                SubscribeFSMTimer
                0x002269b4                PowerOffModem
                0x00227188                DisplayPowerState
                0x00227430                EnterSlowIdleMode
 .text          0x002278f0      0x924 src/i2c_accelerometer.o
                0x00227ee0                naAccelerometerClearTrigger
                0x00227a28                naAcclerometerSetMeasureMode
                0x00227e6c                naAccelReadThreshold
                0x00227d34                naReadAccelData
                0x002279ac                naAcceleromterSetCtrl2
                0x00227ca4                naWriteAccelData
                0x00228120                naAccelerometerEpoch
                0x00228038                naAccelerometerSetTriggerThreshold
                0x00227aa4                naAcclerometerSetLevelMode
                0x00227b20                ReadAccelerometer
                0x00227918                naAccelerometerCheckIRQ
 .text          0x00228214      0x33c src/wyhook_Application.o
                0x00228450                wyhook_XACTApplication_UploadConfig
                0x002284c8                wyhook_ProcessSubTypeApplication_Application
                0x0022835c                wyhook_XACTApplication_DownloadConfig
                0x00228214                wyhook_XACTApplication_AssistGPSWorker
                0x00228328                wyhook_XACTApplication_AssistGPS
 .text          0x00228550      0x6f0 src/fence.o
                0x00228550                IsInSafeFence
                0x002285c0                eval_fix
                0x00228560                init_fence_status
 .text          0x00228c40     0x1328 src/Accelerometer.o
                0x0022920c                ExtIntSubscribe
                0x00229e88                InitAccelerometer
                0x002291cc                AccelInterruptRead
                0x00228d74                SimulateAccelTrigger
                0x00229de8                CheckAccelSlowIdle
                0x00229544                SetAccelMeasureMode
                0x00228f28                CheckAccelState
                0x00228efc                AccelReadData
                0x00228c80                ActivateAccelOnPowerUp
                0x00228c5c                AccelSimulateLockUp
                0x002293f4                SetAccelLevelMode
                0x00228da4                AccelCalibrate
                0x00228c4c                ConfigSettings_setOTA57
                0x00229de0                SetAccelTriggerThreshold
                0x002293f8                ClearIRQ
                0x00229398                AccelInterrupt
 .text          0x00229f68      0x820 src/ota_at.o
                0x0022a2c8                OTAAT_eval
                0x0022a604                OTAAT_handle_at_cmd_response
                0x00229ffc                SendOTAResponse
                0x0022a55c                DConfig_Rpt_handler
                0x00229f78                ResetDiagTxTimerCount
                0x00229f90                test_otaat_tmr
                0x0022a1c8                send_ota_response
                0x0022a0b4                QueSMS
 .text          0x0022a788      0x4dc src/XactTests.o
                0x0022aac8                GPSWaypointTest
                0x0022a938                DogParkTest
                0x0022a788                DogParkTestV2
 .text          0x0022ac64      0x328 src/wyhook_Message.o
                0x0022ad04                wyhook_ProccessPacketizedDataBuffer
                0x0022ac80                wyhook_Assert
                0x0022aca8                wyhook_Checksum
                0x0022ad50                wyhook_ProcessPacketBuffer
 .text          0x0022af8c     0x258c src/ConfigSettings.o
                0x0022afd0                SetMagneticSNSEnable
                0x0022b570                GetTrackingInterval
                0x0022b758                start_reset_timer
                0x0022af90                ConfigSettings_setOTA27
                0x0022b1dc                SetSOSAlert
                0x0022ba74                SetGSMAlert
                0x0022b040                SetWaypointDownload
                0x0022c8e4                SetLEDEnable
                0x0022b740                reset_timer
                0x0022d3b0                SetSMSorGPRS
                0x0022c930                SetOverSpeedAlertThresh
                0x0022c7b4                SetServerPhoneNum
                0x0022cf78                SetServerIPAddr
                0x0022b6f4                start_invisible_timer
                0x0022c854                SetServerPort
                0x0022d2f8                SetMotionAlarmThresh
                0x0022c9e0                SetAccelerometerDurSleep
                0x0022b86c                SetInvisibleOp
                0x0022b808                SetCriticalConfirmation
                0x0022b8f8                SetLEDPattern
                0x0022c97c                SetFenceNumber
                0x0022cff0                SetMode
                0x0022afa0                invisible_timer
                0x0022d290                SetAccelerometerThreshWake
                0x0022af8c                SetCurrentFix
                0x0022b304                SetPowerDownDisable
                0x0022ba10                SetBattAlert
                0x0022b7b8                DisplayFence
                0x0022b294                SetVibrationMotorDelayEn
                0x0022ce18                SetFenceEnDisSettings
                0x0022b374                SetPowerDisconAlert
                0x0022b3e4                SetBreadCrumbMode
                0x0022cb3c                WriteFenceCoord
                0x0022bae4                SetGPSAlert
                0x0022c878                SetTrackingModeDuration
                0x0022bb58                SetTrackingInterval
                0x0022c7dc                Config_SetMode
                0x0022ca44                SetAccelerometerDurWake
                0x0022caa8                SetWaypointInterval
                0x0022bbe0                DisplayConfig
                0x0022b984                SetVibrationMotorPattern
 .text          0x0022d518     0x1108 src/InternalFlash.o
                0x0022d63c                InternalFlash_WriteNonVolatileStatus
                0x0022db84                InternalFlash_WriteAPNName
                0x0022dc00                LoadDefaultConfigStruct
                0x0022d9d4                InternalFlash_GetAPNLogin
                0x0022da30                InternalFlash_GetAPNName
                0x0022d5f0                InternalFlash_WriteRebootAlarm
                0x0022da8c                InternalFlash_WriteAPNPassword
                0x0022d770                InternalFlash_ReadRebootAlarm
                0x0022e084                LogPktToFlash
                0x0022d5a8                InternalFlash_WriteNVMode
                0x0022d560                InternalFlash_LoadNonVolatileStatus
                0x0022d6ac                ConfigToFlash
                0x0022d7e8                AGPSDataToFlash
                0x0022d89c                ConfigStringToFlash
                0x0022dd68                load_defaults
                0x0022ddac                DiagConfigToFlash
                0x0022e19c                DumpFenceFlash
                0x0022de18                LoadAccelCalibration
                0x0022d710                StoreToFlash
                0x0022dfdc                LogPktFromFlash
                0x0022db08                InternalFlash_WriteAPNLogin
                0x0022dec4                WriteBandValue
                0x0022d844                ModeConfigToFlash
                0x0022df44                LoadBandValue
                0x0022e12c                FencesToFlash
                0x0022d8f0                WriteAccelCalibrationFlash
                0x0022d978                InternalFlash_GetAPNPassword
                0x0022e320                LoadFromFlash
                0x0022dd6c                CheckFactorySetup
                0x0022d518                InternalFlash_ReadNVMode
 .text          0x0022e620      0x3e4 src/haversine.o
                0x0022e620                Intersect
                0x0022e7bc                points2distance
                0x0022e710                quadStatus
                0x0022e6a0                triangleStatus
 .text          0x0022ea04      0x274 src/CallBackMethods.o
                0x0022ea0c                CSQHandler
                0x0022eb50                CREGHandler
                0x0022ea04                CCEDHandler
 .text          0x0022ec78      0x9f0 src/Timers.o
                0x0022f2bc                stopTimers
                0x0022eef4                stopDiagMsgHandlerTimer
                0x0022f380                StartGPSAvailabilityTimer
                0x0022ed60                startDiagMsgHandlerTimer
                0x0022ec7c                StartPowerOffTimer
                0x0022f044                startNextFixTimer
                0x0022f440                stopTimersFWUpdate
                0x0022edc0                StartIPktTxTimer
                0x0022ec78                BatteryCheckTimerHandler
                0x0022ee50                singleTxHandlerTimer
                0x0022efdc                stopNextFixTimer
                0x0022ef58                StopGPSAvailabilityTimer
                0x0022ed00                startDiagMsgRepeatTimer
                0x0022ee8c                stopDiagMsgRepeatTimer
                0x0022ee14                StartFTPTimer
                0x0022f4f0                startTimers
 .text          0x0022f668      0x224 src/VibrationMotor.o
                0x0022f690                VibrateTimer
                0x0022f67c                vibrate_turn_on
                0x0022f668                vibrate_turn_off
 .text          0x0022f88c      0x294 src/button.o
                0x0022f8c8                SetSWButtonOvrd
                0x0022f8f8                ClrSWButtonOvrd
                0x0022f924                ProcessPowerButton
                0x0022f8a4                InputButtonActive
                0x0022f88c                GetSWButtonOvrd
 .text          0x0022fb20      0x958 src/DOTAOperation.o
                0x00230158                CreateADFile
                0x0022fb20                recordFileSizeOTA
                0x00230428                recordFileSize
                0x0022fc34                CompleteCRCCalc
                0x00230390                StartDOTA
                0x0022fb30                update_crc_32
                0x0022fbb8                CompleteADUpdate
                0x00230238                evh_ADmem
                0x0022fd08                ADWriteData
                0x0022fcb8                CheckTransfer
 .text          0x00230478        0x0 src/gpioconfig.o
 .text          0x00230478      0x8c4 src/adl_main.o
                0x00230d38                ClearOnOffFF
                0x002304f8                MainTask
 .text          0x00230d3c       0x40 src/dogwalk.o
                0x00230d4c                GetDogWalkMode
                0x00230d5c                SetDogParkMode
                0x00230d3c                SetDogWalkMode
                0x00230d6c                GetDogParkMode
 .text          0x00230d7c      0x200 src/COMMR572.o
                0x00230ea0                make_write_command
                0x00230dc4                make_read_command
                0x00230d7c                check_sum
 .text          0x00230f7c     0x1890 src/USB.o
                0x002326cc                USBInterface
                0x0023266c                USBFlowCmdHandler
                0x00231444                evhUSBCommFcmDataHandler
                0x00230f7c                setUSBLoadFile
                0x00230fc4                evhUSBCommFcmCtrlHandler
                0x002324a0                CommInit
                0x00231130                clrUSBLoadFile
                0x002311b0                ChangeV24State
                0x0023185c                USBInterfaceCmdHandler
                0x00231354                parseSLIPPacket
                0x00231540                EnterAlarmMode
 .text          0x0023280c      0xd60 src/i2c.o
                0x00232bfc                i2c_write
                0x00232d08                putuBoxCmd
                0x0023280c                CmdToU8
                0x00232acc                i2c_read
                0x002329e0                busHighIrqHandler
                0x0023306c                ioCallToI2CDevice
                0x00232a20                SetAddressSize
                0x00232dc8                i2c_Subscribe
                0x00232978                busLowIrqHandler
 .text          0x0023356c      0x7bc src/ublox.o
                0x00233600                ublox_stop
                0x002335c8                ublox_ShowData
                0x00233658                ublox_Start
                0x002336b4                ublox_InitSerialPort
                0x0023356c                ublox_isON
                0x00233884                ublox_SendStartupCommands
                0x00233cc0                ublox_InitGPIO
                0x00233910                ublox_SetupRXchannel
                0x0023357c                isValidNMEAchar
 .text          0x00233d28     0x172c src/GPRS.o
                0x00233d38                GPRS_HaveBearer
                0x00233dd4                ConnectFTP
                0x00233d28                GPRS_GetConnectionType
                0x00234830                ReInitBearer
                0x00234b34                myConnectToGPRS
                0x00234ce0                myHandler
                0x002349d0                StartGPRS
                0x002342c0                GetTCPStatus
                0x00233d8c                ntohs
                0x00234310                evhGPRSHandler
                0x00233d48                ReverseEndian
                0x00233dc0                ClearTCPStatus
                0x002346c4                InitBearer
                0x002341f0                TCPTransmit
                0x002342d4                GPRS_get_IPAddr
                0x002348b4                appli_entry_point
 .text          0x00235454     0x1754 src/SMShandling.o
                0x0023548c                SetStartupTrackingMode
                0x0023685c                SMS_Handler
                0x00236af0                CmdHandlerSMS
                0x002367b4                sms_service_start
                0x002355f0                sms_send
                0x002369f4                sms_service_stop
                0x0023668c                SMS_ctrl_Handler
                0x0023662c                ClearSMSHandler
                0x002354b4                SMSHandling_DisplayRegStatus
                0x00235454                makeAllZeroWaypoint
                0x00235b28                SMS_TX_Handler
 .text          0x00236ba8      0x25c src/Traces.o
                0x00236de0                abort
                0x00236d80                trace_puts_
                0x00236cfc                trace_printf_
                0x00236c68                trace_hex_dump_
 .text          0x00236e04      0x234 src/airplane_mode.o
                0x00236e04                AirplaneModeExit
                0x00236e6c                AirplaneModeEnter
                0x00236ed4                evalAirplaneMode
 .text          0x00237038     0x17a4 src/CommandHandlerXACT.o
                0x00237038                CmdHandlerXACT
 .text          0x002387dc     0x1bd4 src/protocol.o
                0x00238908                get_LastConfigSendAck
                0x00238c00                eval_packet
                0x00238874                temp_to_uint
                0x00238aac                parse_DiagnosticPacket
                0x00238918                parse_ModeConfigPacket
                0x002388c0                uint_to_temp
                0x00239738                make_packet
                0x002396ec                SetInitialConfiguration
                0x0023a2e4                IPacketTxHandler
 .text          0x0023a3b0      0xb18 src/diagnose.o
                0x0023a3b0                diagnose_get
                0x0023a56c                diagnose_timer
                0x0023acfc                diagnose_handler
                0x0023adc8                diagnose_deactivate_indicator
                0x0023ae48                diagnose_activate_indicator
                0x0023ab5c                diagnose_handler_ota
                0x0023a490                diagnose_get_mode
 .text          0x0023aec8     0x1018 flash_src/atmel_flashDriver.o
                0x0023b94c                spi_ComparePageToBuffer
                0x0023b2f0                readSPI1
                0x0023b6c8                readMnfgCode
                0x0023bc6c                sf_writeSector
                0x0023b6f4                writeSPI1
                0x0023b574                sf_readSector
                0x0023b0ec                sf_MediaInit
                0x0023b624                spi_ReadBuffer
                0x0023b518                spi_ReadPage
                0x0023af64                spi_subSPI1
                0x0023b8b4                spi_ReadPageToBuffer
                0x0023b1b4                FLASHReadyForCommand
                0x0023baac                spi_BufferToMemory
                0x0023bb8c                spi_WriteBuffer
                0x0023aec8                GetPageFromSector
                0x0023af08                spi_ConfigOpAddrSize
                0x0023be84                spi_EraseChip
 .text          0x0023bee0       0xec /usr/local/OAT/lib/gcc/arm-elf/4.3.2/../../../../arm-elf/lib/interwork/libm.a(lib_a-s_cos.o)
                0x0023bee0                cos
 .text          0x0023bfcc       0xf8 /usr/local/OAT/lib/gcc/arm-elf/4.3.2/../../../../arm-elf/lib/interwork/libm.a(lib_a-s_sin.o)
                0x0023bfcc                sin
 .text          0x0023c0c4       0x10 /usr/local/OAT/lib/gcc/arm-elf/4.3.2/../../../../arm-elf/lib/interwork/libm.a(lib_a-w_atan2.o)
                0x0023c0c4                atan2
 .text          0x0023c0d4      0x124 /usr/local/OAT/lib/gcc/arm-elf/4.3.2/../../../../arm-elf/lib/interwork/libm.a(lib_a-w_sqrt.o)
                0x0023c0d4                sqrt
 .text          0x0023c1f8      0x2e4 /usr/local/OAT/lib/gcc/arm-elf/4.3.2/../../../../arm-elf/lib/interwork/libm.a(lib_a-e_atan2.o)
                0x0023c1f8                __ieee754_atan2
 .text          0x0023c4dc      0x62c /usr/local/OAT/lib/gcc/arm-elf/4.3.2/../../../../arm-elf/lib/interwork/libm.a(lib_a-e_rem_pio2.o)
                0x0023c4dc                __ieee754_rem_pio2
 .text          0x0023cb08      0x250 /usr/local/OAT/lib/gcc/arm-elf/4.3.2/../../../../arm-elf/lib/interwork/libm.a(lib_a-e_sqrt.o)
                0x0023cb08                __ieee754_sqrt
 .text          0x0023cd58      0x35c /usr/local/OAT/lib/gcc/arm-elf/4.3.2/../../../../arm-elf/lib/interwork/libm.a(lib_a-k_cos.o)
                0x0023cd58                __kernel_cos
 .text          0x0023d0b4      0xc3c /usr/local/OAT/lib/gcc/arm-elf/4.3.2/../../../../arm-elf/lib/interwork/libm.a(lib_a-k_rem_pio2.o)
                0x0023d0b4                __kernel_rem_pio2
 .text          0x0023dcf0      0x20c /usr/local/OAT/lib/gcc/arm-elf/4.3.2/../../../../arm-elf/lib/interwork/libm.a(lib_a-k_sin.o)
                0x0023dcf0                __kernel_sin
 .text          0x0023defc      0x4cc /usr/local/OAT/lib/gcc/arm-elf/4.3.2/../../../../arm-elf/lib/interwork/libm.a(lib_a-s_atan.o)
                0x0023defc                atan
 .text          0x0023e3c8       0x20 /usr/local/OAT/lib/gcc/arm-elf/4.3.2/../../../../arm-elf/lib/interwork/libm.a(lib_a-s_fabs.o)
                0x0023e3c8                fabs
 .text          0x0023e3e8      0x1c4 /usr/local/OAT/lib/gcc/arm-elf/4.3.2/../../../../arm-elf/lib/interwork/libm.a(lib_a-s_floor.o)
                0x0023e3e8                floor
 .text          0x0023e5ac       0x30 /usr/local/OAT/lib/gcc/arm-elf/4.3.2/../../../../arm-elf/lib/interwork/libm.a(lib_a-s_isnand.o)
                0x0023e5ac                __isnand
 .text          0x0023e5dc        0x0 /usr/local/OAT/lib/gcc/arm-elf/4.3.2/../../../../arm-elf/lib/interwork/libm.a(lib_a-s_lib_ver.o)
 .text          0x0023e5dc        0x8 /usr/local/OAT/lib/gcc/arm-elf/4.3.2/../../../../arm-elf/lib/interwork/libm.a(lib_a-s_matherr.o)
                0x0023e5dc                matherr
 .text          0x0023e5e4      0x1bc /usr/local/OAT/lib/gcc/arm-elf/4.3.2/../../../../arm-elf/lib/interwork/libm.a(lib_a-s_scalbn.o)
                0x0023e5e4                scalbn
 .text          0x0023e7a0       0x24 /usr/local/OAT/lib/gcc/arm-elf/4.3.2/../../../../arm-elf/lib/interwork/libm.a(lib_a-s_copysign.o)
                0x0023e7a0                copysign
 .text          0x0023e7c4       0x7c mos_header.o
                0x0023e838                mos_GetHeader
 .text          0x0023e840       0x78 /cygdrive/c/OpenAT/OS/6.21.02/ADL/gcc_wmadl_6.21.02.0.0.lib(mos_ftr.o)
                0x0023e87c                wm_ftrIsTCPIPEnabled
                0x0023e894                wm_ftrIsOrangeM2MEnabled
                0x0023e888                wm_ftrIsMQEnabled
                0x0023e840                wm_ftrIsEnabled
                0x0023e8a0                wm_ftrIsOatGTiEnabled
                0x0023e8ac                wm_ftrIsCGPSEnabled
 .text          0x0023e8b8      0x3f0 /cygdrive/c/OpenAT/OS/6.21.02/ADL/gcc_wmadl_6.21.02.0.0.lib(opec_lst.o)
                0x0023e914                wm_lstDeleteItem
                0x0023ec40                wm_lstFindPrevItem
                0x0023ea90                wm_lstAddItem
                0x0023ea14                wm_lstInsertItem
                0x0023e8e0                wm_lstCreate
                0x0023e9c0                wm_lstDestroy
                0x0023ebf8                wm_lstFindNextItem
                0x0023eae8                wm_lstGetEntry
                0x0023eb20                wm_lstFindAllItem
                0x0023e9a4                wm_lstClear
                0x0023e9d4                wm_lstFindItem
                0x0023e8b8                wm_lstCompareItem
                0x0023eb0c                wm_lstGetItem
                0x0023ebb4                wm_lstResetItem
                0x0023e8fc                wm_lstGetCount
 .text          0x0023eca8      0x62c /cygdrive/c/OpenAT/OS/6.21.02/ADL/gcc_wmadl_6.21.02.0.0.lib(opec_std.o)
                0x0023ede4                wm_ishexa
                0x0023f04c                wm_ibuftohexa
                0x0023ed3c                wm_stricmp
                0x0023ee84                wm_strRemoveCRLF
                0x0023edc0                wm_isascii
                0x0023ee58                wm_isphonestring
                0x0023f090                wm_strSwitch
                0x0023ed74                wm_strnicmp
                0x0023eecc                wm_hexatoi
                0x0023ee38                wm_ishexastring
                0x0023ef70                wm_hexatoibuf
                0x0023ee14                wm_isnumstring
                0x0023efbc                wm_itohexa
                0x0023eca8                wm_itoa
                0x0023f0dc                wm_strGetParameterString
 .text          0x0023f2d4      0xd8c /cygdrive/c/OpenAT/OS/6.21.02/ADL/gcc_wmadl_6.21.02.0.0.lib(adl_ad.o)
                0x0023ff44                adl_adGetInstallResult
                0x0023ffb0                adl_factoryReadCell
                0x0023f380                adl_adGetState
                0x0023fe44                adl_adFindInit
                0x0023fccc                adl_adRecompact
                0x0023fb10                adl_adFormat
                0x0023fa28                adl_adEventUnsubscribe
                0x0023f664                adl_adWrite
                0x0023f5e0                adl_adInfo
                0x0023f40c                adl_adGetCellList
                0x0023f7bc                adl_adUnsubscribe
                0x0023f744                adl_adDelete
                0x0023febc                adl_adFindNext
                0x00240008                adl_rdmsReadCell
                0x0023fdc0                adl_adInstall
                0x0023f568                adl_adFinalise
                0x0023f948                adl_adEventSubscribe
                0x0023f7e4                adl_adSubscribe
 .text          0x00240060      0x148 /cygdrive/c/OpenAT/OS/6.21.02/ADL/gcc_wmadl_6.21.02.0.0.lib(adl_adc.o)
                0x0024014c                adl_adcAnalogRead
                0x002400f4                adl_adcRead
 .text          0x002401a8      0x4bc /cygdrive/c/OpenAT/OS/6.21.02/ADL/gcc_wmadl_6.21.02.0.0.lib(adl_AppliInit.o)
                0x002403d0                adlint_extendMessageRegisterExt
                0x002403b8                adl_InitGetType
                0x002401a8                mos_headerSetInitType
                0x00240438                mos_headerInitTask
                0x002403c4                adlint_extendGetWrapperStruct
                0x00240424                adlint_extendMessageRegister
 .text          0x00240664      0xa20 /cygdrive/c/OpenAT/OS/6.21.02/ADL/gcc_wmadl_6.21.02.0.0.lib(adl_audio.o)
                0x00240938                adl_audioMelodyPlay
                0x00240664                adl_audioSubscribe
                0x00240854                adl_audioDTMFPlayExt
                0x00240a80                adl_audioGetOption
                0x002409e8                adl_audioSetOption
                0x00240ff4                adl_audioStreamListen
                0x0024103c                adl_audioStreamPlay
                0x00240734                adl_audioUnsubscribe
                0x002408c8                adl_audioMelodyPlayExt
                0x00240b1c                adlint_audioEventHandler
                0x00240714                adlint_audioIsOneResourceSubscribed
                0x00240b58                adlint_audioOpenIrqSetting
                0x00240b8c                adlint_audioSouceDataCopy
                0x00240c70                adlint_audioHighIRQMemRelease
                0x00240958                adl_audioStop
                0x002407a4                adl_audioTonePlayExt
                0x00240828                adl_audioTonePlay
                0x002408b4                adl_audioDTMFPlay
 .text          0x00241084      0x554 /cygdrive/c/OpenAT/OS/6.21.02/ADL/gcc_wmadl_6.21.02.0.0.lib(adl_bus.o)
                0x002413a0                adl_busReadExt
                0x00241424                adl_busRead
                0x0024118c                adl_busUnsubscribe
                0x00241550                adl_busDirectWrite
                0x00241434                adl_busWriteExt
                0x002414b8                adl_busWrite
                0x002414c8                adl_busDirectRead
                0x00241084                adlint_busGetCapabilities
                0x002410e0                adl_busSubscribe
                0x002411ec                adl_busIOCtl
 .text          0x002415d8      0xa94 /cygdrive/c/OpenAT/OS/6.21.02/ADL/gcc_wmadl_6.21.02.0.0.lib(adl_call.o)
                0x00241838                adl_callSetup
                0x00241f4c                adlint_callReleaseByDTRHandler
                0x00241c20                adlint_callRspHandler
                0x00241790                adl_callSetupExt
                0x00241964                adlint_callAutoAnswerSetupTimeOut
                0x002419ac                adlint_callAutoAnswerTimeOutHandler
                0x00242050                adlint_callListCompare
                0x00241e10                adlint_callUnsoHandler
                0x002416ac                adl_callSubscribe
                0x002415d8                adlint_callCLCCRspHandler
                0x00241694                adlint_callInit
                0x00241a34                adlint_callAutoAnswerAudioOpen
                0x002418c8                adl_callAnswerExt
                0x002419b8                adlint_callhandleallhandler
                0x00241f58                adl_callUnsubscribe
                0x00241668                adlint_callUpdateDataFlags
                0x0024184c                adl_callHangupExt
                0x00241af0                adlint_callCmdHandler
                0x00241a70                adlint_callAutoAnswerOK
                0x002418b8                adl_callHangup
                0x00241954                adl_callAnswer
 .text          0x0024206c      0xb20 /cygdrive/c/OpenAT/OS/6.21.02/ADL/gcc_wmadl_6.21.02.0.0.lib(adl_CmdHandler.o)
                0x00242884                adl_atCmdHandler
                0x002422a8                adlint_strIsValidParam
                0x00242204                adlint_atGetNextSemicolonPos
                0x002421ac                adl_atCmdUnSubscribe
                0x00242138                adl_atCmdSubscribeExt
                0x00242b54                adl_atCmdSetQuietMode
                0x002421e4                adlint_atCmdHandlerDetectTxtMode
                0x002429ac                adlint_atIsCmdSubscribed
                0x00242b64                adlint_atIsValidNI
                0x0024240c                adlint_strpreParser
                0x002420d4                adl_atCmdSubscribe
                0x002427bc                adlint_atProcessNextCatCmdTmrHandler
                0x002424b0                adlint_atProcessCmdSubscription
                0x00242b80                adlint_atGetValidNI
                0x0024231c                adlint_strGetParameters
                0x0024206c                adlint_atCmdInitHandler
                0x00242280                adlint_atProcessNextCatCmd
                0x00242250                adlint_atCmdDetect
 .text          0x00242b8c      0xc5c /cygdrive/c/OpenAT/OS/6.21.02/ADL/gcc_wmadl_6.21.02.0.0.lib(adl_CmdProcessor.o)
                0x00243078                adlint_cpSetValue_CRC
                0x00242cd4                adlint_cpForbiddenHandler
                0x00243578                adlint_cpFltUnso_CRING
                0x00243360                adlint_cpSetValue_V
                0x00243194                adlint_cpSetValue_CREG
                0x00243108                adlint_cpSetValue_CGREG
                0x00243630                adlint_cpFltUnso_CREG
                0x00242c38                adlint_cpRegisterTable
                0x00243724                adlint_cpCXXXRspHandler
                0x00242b8c                adlint_cpBuildCmdString
                0x00243220                adlint_cpSetValue_WIND
                0x002436d4                adlint_cpParseUnsolicited
                0x00242c98                adlint_cpReadE2PValueHandler
                0x00243688                adlint_cpFltUnso_WIND
                0x00243018                adlint_cpSIMHandler
                0x00243500                adlint_cpSetValue_Z
                0x00242d9c                adlint_cpKnowStateHandler
                0x002435c4                adlint_cpFltUnso_CGEV
                0x00243474                adlint_cpSetValue_ANDF
                0x002435d8                adlint_cpFltUnso_CGREG
                0x00242e24                adlint_cpFixedValueHandler
                0x00242f3c                adlint_cpSetValue_CGEREP
                0x00242bdc                adlint_cpRegisterTableSub
                0x002437d4                adlint_cpSetValue_Q
                0x00242cf4                adlint_cpParseCmd
                0x00243310                adlint_cpSetValue_CMEE
                0x002433a0                adlint_cpSetValue_ANDW
 .text          0x002437e8      0xa9c /cygdrive/c/OpenAT/OS/6.21.02/ADL/gcc_wmadl_6.21.02.0.0.lib(adl_CmdStackHandler.o)
                0x00243a88                adlint_atCmdStkSend
                0x00243938                __adlint_CmdStkGetPortListIndex
                0x00243ec8                adlint_atCmdSendExtSpe
                0x00243828                adlint_CmdStackCompare
                0x0024390c                adlint_atCmdStkInitHandler
                0x00243960                adlint_CmdStkGetPortListItem
                0x002437e8                adlint_CmdStackListCompare
                0x00243a60                adlint_CmdStkGetPortListItemFromTimerId
                0x00243ef4                adl_atCmdSendExt
                0x00243988                adlint_CmdProcess_MsgHandler
                0x00243a00                adlint_CmdStkPortHandler
                0x00243f70                adl_atCmdSend
                0x002438f4                adlint_CmdStackListDestroy
                0x00243814                adlint_CmdStackDestroy
                0x00243f98                adl_atCmdCreate
                0x00244100                adl_atCmdSendText
                0x00243fc0                adlint_atCmdStkExtCreate
                0x00243844                adlint_CmdStackGetItemFromTI
                0x00243888                adlint_CmdStackGetItemFromNI
 .text          0x00244284      0x1dc /cygdrive/c/OpenAT/OS/6.21.02/ADL/gcc_wmadl_6.21.02.0.0.lib(adl_ctx.o)
                0x0024435c                adl_ctxResumeExt
                0x002442c0                adl_ctxGetTaskID
                0x002442e0                adl_ctxGetID
                0x00244390                adl_ctxResume
                0x002442ac                mos_headerSetTasksCount
                0x00244314                adl_ctxSuspendExt
                0x002443b0                adl_ctxGetState
                0x00244348                adl_ctxSuspend
                0x002442f4                adl_ctxGetDiagnostic
                0x002443a4                adl_ctxGetTasksCount
                0x0024443c                adlint_ctxInitEnd
                0x00244404                adl_ctxSleep
 .text          0x00244460        0x0 /cygdrive/c/OpenAT/OS/6.21.02/ADL/gcc_wmadl_6.21.02.0.0.lib(adl_defaut_buildtime.o)
 .text          0x00244460        0x0 /cygdrive/c/OpenAT/OS/6.21.02/ADL/gcc_wmadl_6.21.02.0.0.lib(adl_defaut_extend.o)
 .text          0x00244460        0x0 /cygdrive/c/OpenAT/OS/6.21.02/ADL/gcc_wmadl_6.21.02.0.0.lib(adl_defaut_selist.o)
 .text          0x00244460        0x0 /cygdrive/c/OpenAT/OS/6.21.02/ADL/gcc_wmadl_6.21.02.0.0.lib(adl_defaut_timeslicing.o)
 .text          0x00244460      0x330 /cygdrive/c/OpenAT/OS/6.21.02/ADL/gcc_wmadl_6.21.02.0.0.lib(adl_error.o)
                0x00244658                adl_errStartBacktraceAnalysis
                0x0024462c                adl_errGetAnalysisState
                0x002446d0                adl_errRetrieveNextBacktrace
                0x002444f8                adl_errSubscribe
                0x002445a0                adl_errHalt
                0x00244548                adl_errUnsubscribe
                0x00244490                adlint_errHalt
                0x002445ec                adl_errEraseAllBacktraces
 .text          0x00244790      0x2bc /cygdrive/c/OpenAT/OS/6.21.02/ADL/gcc_wmadl_6.21.02.0.0.lib(adl_EventMachine.o)
                0x002449d8                EvMachine_get_Node
                0x00244a2c                EvMachine_handling_event
                0x00244880                EvMachine_Create
                0x00244a00                EvMachine_remove_node
                0x00244904                EvMachine_Destroy
                0x0024492c                EvMachine_add_node
 .text          0x00244a4c      0x3c0 /cygdrive/c/OpenAT/OS/6.21.02/ADL/gcc_wmadl_6.21.02.0.0.lib(adl_extint.o)
                0x00244cf4                adl_extintRead
                0x00244d90                adl_extintGetFIQStatus
                0x00244d18                adl_extintUnsubscribe
                0x00244dcc                adl_extintSetFIQStatus
                0x00244c9c                adl_extintGetConfig
                0x00244c34                adl_extintConfig
                0x00244a4c                adl_extintSubscribe
 .text          0x00244e0c      0x1b4 /cygdrive/c/OpenAT/OS/6.21.02/ADL/gcc_wmadl_6.21.02.0.0.lib(adl_extint_deprecated.o)
                0x00244e0c                adl_extintGetCapabilities
 .text          0x00244fc0      0xe54 /cygdrive/c/OpenAT/OS/6.21.02/ADL/gcc_wmadl_6.21.02.0.0.lib(adl_fcm.o)
                0x0024518c                adlint_memrelHandler
                0x00245b3c                adl_fcmGetStatus
                0x00245204                adlint_fcmATOUnsubscribe
                0x00244fc0                adlint_rspHandler
                0x002454d8                adlint_fcmcflHandler
                0x002456cc                adlint_fcmATOHandler
                0x00245bd0                adl_fcmSubscribe
                0x0024522c                adlint_fcmGetItemIndexes
                0x00245090                adlint_fcmListCompare
                0x00245a9c                adl_fcmReleaseCredits
                0x002455e0                adlint_fcmrecHandler
                0x0024505c                adlint_fcmInit
                0x00245494                adlint_fcmresHandler
                0x0024532c                adlint_iossHandler
                0x00245940                adl_fcmSendDataExt
                0x00245164                adlint_fcmGetItem
                0x00245880                adl_fcmSwitchV24State
                0x0024524c                adlint_fcmEventNotify
                0x002454b4                adlint_fcmoflHandler
                0x00245a40                adl_fcmSendData
                0x00245ba8                adl_fcmIsAvailable
                0x00245140                adlint_fcmGetItemIndex
                0x00245750                adl_fcmUnsubscribe
 .text          0x00245e14      0x7d4 /cygdrive/c/OpenAT/OS/6.21.02/ADL/gcc_wmadl_6.21.02.0.0.lib(adl_flash.o)
                0x0024608c                adl_flhSubscribe
                0x00245ee8                adlint_flhUpdateFAT
                0x002464c8                adl_flhGetIDCount
                0x002463a0                adl_flhErase
                0x00245e14                adlint_flhListCompare
                0x0024651c                adl_flhGetUsedSize
                0x0024649c                adl_flhGetFreeMem
                0x002461e8                adl_flhRead
                0x002462d0                adl_flhWrite
                0x00246150                adl_flhExist
 .text          0x002465e8      0x928 /cygdrive/c/OpenAT/OS/6.21.02/ADL/gcc_wmadl_6.21.02.0.0.lib(adl_gpio.o)
                0x00246e3c                adl_ioWrite
                0x002468a4                adlint_ioEventFindHandle
                0x00246e88                adl_ioWriteSingle
                0x00246bdc                adl_ioSetDirection
                0x00246d98                adl_ioRead
                0x0024697c                adl_ioSubscribe
                0x0024690c                adl_ioEventUnsubscribe
                0x00246b48                adl_ioUnsubscribe
                0x002466c8                adlint_ioInit
                0x00246de4                adl_ioReadSingle
                0x002468c8                adl_ioEventSubscribe
                0x002465e8                adl_ioGetCapabilitiesList
 .text          0x00246f10      0xefc /cygdrive/c/OpenAT/OS/6.21.02/ADL/gcc_wmadl_6.21.02.0.0.lib(adl_gprs.o)
                0x00247628                adl_gprsSetup
                0x002477a4                adl_gprsAct
                0x002478d4                adl_gprsDeact
                0x00246f54                adl_gprsSubscribe
                0x00247784                adl_gprsActExt
                0x002473fc                adl_gprsIsAnIPAddress
                0x00247478                adl_gprsSetupExt
                0x0024765c                adlint_gprsAct
                0x002478e8                adl_gprsGetCidInformations
                0x00247d20                adl_gprsUnsubscribe
                0x002477b8                adl_gprsDeactExt
 .text          0x00247e0c      0x5d4 /cygdrive/c/OpenAT/OS/6.21.02/ADL/gcc_wmadl_6.21.02.0.0.lib(adl_irq.o)
                0x00248268                adl_irqSetConfig
                0x00247e1c                adlint_irqIsLowLevelContext
                0x00248258                adlint_irqIsLowLevelRunning
                0x00248324                adl_irqGetConfig
                0x00248080                adlint_irqEventContextGetAppContext
                0x00248374                adl_irqGetCapabilities
                0x00248058                adlint_irqEventContextConstructor
                0x002481b8                adl_irqSubscribe
                0x00248078                adlint_irqEventContextUpdate
                0x00247fc0                adlint_irqEventContextConstructorExt
                0x002481d4                adl_irqUnsubscribe
                0x00248120                adl_irqSubscribeExt
                0x0024823c                adlint_irqFindHandle
                0x002483b0                adlint_irqSetConfig
                0x00248088                adlint_irqEventContextDestructor
 .text          0x002483e0      0x1d0 /cygdrive/c/OpenAT/OS/6.21.02/ADL/gcc_wmadl_6.21.02.0.0.lib(adl_memory.o)
                0x00248560                adlint_memReleaseNoTrace
                0x0024852c                adlint_memGetNoTrace
                0x002483e0                adl_memGetInfo
                0x00248590                adlint_memReleaseAuto
                0x002484e0                mos_headerMemInfoInit
                0x002484fc                adlint_memServiceInit
                0x002484a4                _adl_memRelease
                0x00248468                adl_memGet
 .text          0x002485b0      0x378 /cygdrive/c/OpenAT/OS/6.21.02/ADL/gcc_wmadl_6.21.02.0.0.lib(adl_msg.o)
                0x0024873c                adlint_msgSend
                0x00248904                mos_headerInitMailboxes
                0x00248910                adlint_extendGetMailbox
                0x00248804                adlint_msgUserMessageHandler
                0x00248600                adl_msgSubscribe
                0x002487a8                adl_msgSend
                0x002488dc                adlint_msgReceive
                0x002486b8                adl_msgUnsubscribe
 .text          0x00248928      0x624 /cygdrive/c/OpenAT/OS/6.21.02/ADL/gcc_wmadl_6.21.02.0.0.lib(adl_port.o)
                0x00248b9c                adlint_portControlV24
                0x00248e90                adl_portStopSignalPolling
                0x00248b04                adlint_portStopPollingTimer
                0x00248980                adlint_portNotifyHandlers
                0x00248950                adlint_portListCompare
                0x00248bd0                adl_portSubscribe
                0x00248d20                adl_portIsAvailable
                0x00248ae4                adlint_portFindItem
                0x00248b44                adlint_portUpdateInfoHandler
                0x00248ab0                adlint_portStartPollingTimer
                0x00248dc4                adl_portStartSignalPolling
                0x00248c88                adl_portUnsubscribe
                0x00248b6c                adlint_portV24IsOpened
                0x00248d5c                adl_portGetSignalState
 .text          0x00248f4c      0x194 /cygdrive/c/OpenAT/OS/6.21.02/ADL/gcc_wmadl_6.21.02.0.0.lib(adl_reg.o)
                0x00249064                adl_regGetHWInteger
                0x002490d4                adl_regGetHWData
                0x00248f90                adl_regGetWCPUType
                0x00248ff8                adl_regGetWCPUTypeExt
                0x00248f7c                adlint_regDestructor
                0x00249098                adl_regGetHWDataChunk
 .text          0x002490e0      0x998 /cygdrive/c/OpenAT/OS/6.21.02/ADL/gcc_wmadl_6.21.02.0.0.lib(adl_RspHandler.o)
                0x00249328                adl_atIntHandler
                0x002498ac                adlint_RspProcess_MsgHandler
                0x002495e4                adl_atSendStdResponseExt
                0x002499f4                adl_atSendUnsoResponse
                0x002499dc                adl_atSendStdResponseSpe
                0x0024914c                adlint_rspGetRspID
                0x00249520                adl_atSendResponseSpe
                0x002499b8                adl_atSendStdResponseExtStr
                0x002499c8                adl_atSendStdResponse
                0x00249634                adl_atRspHandler
                0x002490e0                adlint_atRspSubscribe
                0x00249960                adl_atSendStdResponseExtSpe
                0x002491b0                adl_atSendResponse
 .text          0x00249a78      0x1e4 /cygdrive/c/OpenAT/OS/6.21.02/ADL/gcc_wmadl_6.21.02.0.0.lib(adl_rtc.o)
                0x00249b38                adl_rtcGetTime
                0x00249af0                adl_rtcSetTime
                0x00249b7c                adl_rtcConvertTime
                0x00249ab0                adl_rtcGetSecondFracPartStep
                0x00249bd0                adl_rtcDiffTime
 .text          0x00249c5c      0x2bc /cygdrive/c/OpenAT/OS/6.21.02/ADL/gcc_wmadl_6.21.02.0.0.lib(adl_sem.o)
                0x00249eb4                adl_semIsConsumed
                0x00249cb4                adl_semSubscribe
                0x00249d60                adl_semUnsubscribe
                0x00249ee8                adl_semGetResourcesCount
                0x00249c5c                adlint_semInit
                0x00249dd0                adl_semConsume
                0x00249e18                adl_semConsumeDelay
                0x00249e6c                adl_semProduce
 .text          0x00249f18       0xb4 /cygdrive/c/OpenAT/OS/6.21.02/ADL/gcc_wmadl_6.21.02.0.0.lib(adl_serv.o)
                0x00249f34                adlint_servLock
                0x00249f5c                adlint_servUnlock
                0x00249f70                adlint_servIsLocked
                0x00249f88                adlint_servGetHandle
                0x00249f98                adlint_servReleaseHandle
                0x00249fb0                adlint_servCheckHandle
                0x00249f18                adlint_servInit
 .text          0x00249fcc      0x774 /cygdrive/c/OpenAT/OS/6.21.02/ADL/gcc_wmadl_6.21.02.0.0.lib(adl_sim.o)
                0x0024a580                adl_simEnterPIN
                0x0024a210                adlint_simCmdHandler
                0x0024a0d4                adlint_simUnSoHandler
                0x0024a564                adlint_simListCompare
                0x0024a508                adl_simUnsubscribe
                0x0024a600                adl_simEnterPUK
                0x0024a274                adlint_simCPINRspHandler
                0x0024a6bc                adlint_simAttempt
                0x0024a448                adl_simSubscribe
                0x0024a6a4                adl_simRemAttempt
                0x00249fcc                adlint_simInit
                0x0024a164                adlint_SendPin
                0x0024a0c8                adl_simGetState
                0x0024a030                adlint_simhandleallhandler
                0x0024a268                adlint_CheckNetLock
 .text          0x0024a740      0x7cc /cygdrive/c/OpenAT/OS/6.21.02/ADL/gcc_wmadl_6.21.02.0.0.lib(adl_sms.o)
                0x0024ae5c                adl_smsUnsubscribe
                0x0024abf8                adlint_smsSendCmdHandler
                0x0024aa64                adlint_smsListCompare
                0x0024a834                adlint_smsReadCmdHandler
                0x0024acac                adl_smsSend
                0x0024ab78                adlint_smsNotifyHandlers
                0x0024ab68                adl_smsSubscribe
                0x0024aa98                adlint_smsInit
                0x0024a778                adlint_smsIncomingProcess
                0x0024a7f4                adlint_smsUnsoHandler
                0x0024aac0                adl_smsSubscribeExt
 .text          0x0024af0c      0x358 /cygdrive/c/OpenAT/OS/6.21.02/ADL/gcc_wmadl_6.21.02.0.0.lib(adl_str.o)
                0x0024af0c                adlint_strGetNumConnectOffset
                0x0024b0b0                adl_strIsTerminalResponse
                0x0024b0a4                adl_strGetID
                0x0024b1c4                adl_strGetResponse
                0x0024af28                adl_strGetIDExt
                0x0024b0dc                adl_strGetResponseExt
                0x0024b1d8                adlint_strGetResponseExtCRLF
 .text          0x0024b264      0x3a4 /cygdrive/c/OpenAT/OS/6.21.02/ADL/gcc_wmadl_6.21.02.0.0.lib(adl_TimerHandler.o)
                0x0024b534                adl_tmrUnSubscribe
                0x0024b278                adlint_tmrSubscribe
                0x0024b3dc                adl_tmrSubscribeExt
                0x0024b494                adlint_tmrUnSubscribe
                0x0024b5a0                adl_tmrHandler
                0x0024b46c                adl_tmrSubscribe
 .text          0x0024b608      0x378 /cygdrive/c/OpenAT/OS/6.21.02/ADL/gcc_wmadl_6.21.02.0.0.lib(adl_traces.o)
                0x0024b608                adlint_dbgInit
                0x0024b624                adlint_dbgInitWrapper
                0x0024b850                adl_trcDump
                0x0024b654                adlint_dbgTrace
                0x0024b94c                mos_headerDynamicAppChannelsRegister
                0x0024b958                adlint_trcError
                0x0024b7d8                adl_trcPrint
 .text          0x0024b980      0x234 /cygdrive/c/OpenAT/OS/6.21.02/ADL/gcc_wmadl_6.21.02.0.0.lib(adl_UnSoHandler.o)
                0x0024b99c                adl_atUnSoSubscribe
                0x0024ba9c                adl_atUnSoHandler
                0x0024ba28                adl_atUnSoUnSubscribe
                0x0024b980                adlint_atUnSoInitHandler
 .text          0x0024bbb4       0xe0 /cygdrive/c/OpenAT/OS/6.21.02/ADL/gcc_wmadl_6.21.02.0.0.lib(adl_wd.o)
                0x0024bc28                adl_wdRearmAppWd
                0x0024bc08                adl_wdAwake
                0x0024bbdc                adl_wdPut2Sleep
                0x0024bc48                adl_wdActiveAppWd
                0x0024bc74                adl_wdDeActiveAppWd
 .text          0x0024bc94       0x74 /cygdrive/c/OpenAT/Plug-ins/WIP/5.10.2020/WIP/gcc_wmwip_5.10.2020.lib(br_close.o)
                0x0024bc94                wip_bearerClose
 .text          0x0024bd08       0x54 /cygdrive/c/OpenAT/Plug-ins/WIP/5.10.2020/WIP/gcc_wmwip_5.10.2020.lib(br_getopts.o)
                0x0024bd08                wip_bearerGetOpts
 .text          0x0024bd5c       0x80 /cygdrive/c/OpenAT/Plug-ins/WIP/5.10.2020/WIP/gcc_wmwip_5.10.2020.lib(br_mgr_init.o)
                0x0024bd74                wipint_bearerMgrExit
                0x0024bd5c                wipint_bearerMgrInit
                0x0024bda8                wipint_bearerMgrSync
 .text          0x0024bddc       0xd8 /cygdrive/c/OpenAT/Plug-ins/WIP/5.10.2020/WIP/gcc_wmwip_5.10.2020.lib(br_open.o)
                0x0024bddc                wip_bearerOpen
 .text          0x0024beb4       0x54 /cygdrive/c/OpenAT/Plug-ins/WIP/5.10.2020/WIP/gcc_wmwip_5.10.2020.lib(br_setopts.o)
                0x0024beb4                wip_bearerSetOpts
 .text          0x0024bf08       0x34 /cygdrive/c/OpenAT/Plug-ins/WIP/5.10.2020/WIP/gcc_wmwip_5.10.2020.lib(br_start.o)
                0x0024bf08                wip_bearerStart
 .text          0x0024bf3c      0x2f0 /cygdrive/c/OpenAT/Plug-ins/WIP/5.10.2020/WIP/gcc_wmwip_5.10.2020.lib(br_v24.o)
                0x0024c10c                wipint_bearerV24Open
 .text          0x0024c22c      0xddc /cygdrive/c/OpenAT/Plug-ins/WIP/5.10.2020/WIP/gcc_wmwip_5.10.2020.lib(ch_channel.o)
                0x0024c604                wip_setOpts
                0x0024c54c                wip_write
                0x0024c230                wipint_sockInit
                0x0024c778                wip_getState
                0x0024c3ec                wip_mainType
                0x0024c6bc                wip_shutdown
                0x0024c7bc                wipint_pushEvent
                0x0024c558                wip_readOpts
                0x0024c5f8                wip_read
                0x0024c294                wipint_sockExit
                0x0024c498                wip_closeAndClear
                0x0024c430                _wip_close
                0x0024cb28                wipint_sockError
                0x0024c660                wip_getOpts
                0x0024c720                wip_abort
                0x0024c38c                wip_hasType
                0x0024c4ac                wip_writeOpts
                0x0024cccc                wipint_sockGetOpt
                0x0024c22c                wipint_breakpoint
                0x0024c900                wip_ddisp_event
                0x0024cbb8                wipint_sockSetOpt
                0x0024ca58                wipint_sockSync
                0x0024c34c                wip_setCtx
 .text          0x0024d008      0xe18 /cygdrive/c/OpenAT/Plug-ins/WIP/5.10.2020/WIP/gcc_wmwip_5.10.2020.lib(ch_tcp_client.o)
                0x0024d2fc                wipint_ctsocketSetOpt
                0x0024d9e8                wip_TCPClientCreateOpts
                0x0024d518                wipint_ctsocketGetOpt
                0x0024db50                wip_TCPClientCreate
                0x0024d234                wipint_ctsocketSpawn
 .text          0x0024de20      0xe00 /cygdrive/c/OpenAT/Plug-ins/WIP/5.10.2020/WIP/gcc_wmwip_5.10.2020.lib(ch_udp.o)
                0x0024e5f8                wip_UDPCreate
                0x0024e4a0                wip_UDPCreateOpts
 .text          0x0024ec20      0x4ec /cygdrive/c/OpenAT/Plug-ins/WIP/5.10.2020/WIP/gcc_wmwip_5.10.2020.lib(file.o)
                0x0024ef94                wip_deleteFile
                0x0024ef34                wip_mkdir
                0x0024f054                wip_getFileSize
                0x0024eec4                wip_getFile
                0x0024f0b4                wip_renameFile
                0x0024ed24                wip_listOpts
                0x0024eda4                wip_list
                0x0024ec20                wip_fileInfoInit
                0x0024eff4                wip_deleteDir
                0x0024edb4                wip_putFileOpts
                0x0024eed4                wip_cwd
                0x0024ee34                wip_putFile
                0x0024ee44                wip_getFileOpts
 .text          0x0024f10c      0xa58 /cygdrive/c/OpenAT/Plug-ins/WIP/5.10.2020/WIP/gcc_wmwip_5.10.2020.lib(ftp.o)
                0x0024f3e0                wip_FTPcommand
                0x0024f180                wip_FTPtransferCommand
                0x0024f7b8                wip_FTPCreateOpts
                0x0024f10c                wipint_ftp_send_command
                0x0024f9a4                wip_FTPCreate
 .text          0x0024fb64      0x898 /cygdrive/c/OpenAT/Plug-ins/WIP/5.10.2020/WIP/gcc_wmwip_5.10.2020.lib(ftp_evh.o)
                0x00250360                wipint_ftp_evh_keepalive_timer
                0x002502e4                wipint_ftp_evh_active
                0x0024fd00                wipint_ftp_evh_control
 .text          0x002503fc      0x26c /cygdrive/c/OpenAT/Plug-ins/WIP/5.10.2020/WIP/gcc_wmwip_5.10.2020.lib(ftp_list.o)
                0x002503fc                wipint_listCreate
 .text          0x00250668       0x20 /cygdrive/c/OpenAT/Plug-ins/WIP/5.10.2020/WIP/gcc_wmwip_5.10.2020.lib(ftr.o)
                0x00250668                wip_checkFeatureLock
 .text          0x00250688       0x14 /cygdrive/c/OpenAT/Plug-ins/WIP/5.10.2020/WIP/gcc_wmwip_5.10.2020.lib(in_aton.o)
                0x00250688                wip_inet_aton
 .text          0x0025069c       0x18 /cygdrive/c/OpenAT/Plug-ins/WIP/5.10.2020/WIP/gcc_wmwip_5.10.2020.lib(in_ntoa.o)
                0x0025069c                wip_inet_ntoa
 .text          0x002506b4      0x168 /cygdrive/c/OpenAT/Plug-ins/WIP/5.10.2020/WIP/gcc_wmwip_5.10.2020.lib(list_plugin_unix.o)
                0x00250714                wip_FTPListUnixLineParser
 .text          0x0025081c      0x22c /cygdrive/c/OpenAT/Plug-ins/WIP/5.10.2020/WIP/gcc_wmwip_5.10.2020.lib(net_debug.o)
                0x00250930                wip_debug
                0x002508a8                wip_debugv
                0x0025081c                wip_debugSetPort
                0x0025094c                wip_debugv_free
                0x00250860                wip_debugGetPort
                0x00250890                wip_debugSetTraceLevel
                0x0025089c                wip_debugGetTraceLevel
 .text          0x00250a48       0x10 /cygdrive/c/OpenAT/Plug-ins/WIP/5.10.2020/WIP/gcc_wmwip_5.10.2020.lib(net_init.o)
                0x00250a48                wip_netInit
 .text          0x00250a58      0x1b0 /cygdrive/c/OpenAT/Plug-ins/WIP/5.10.2020/WIP/gcc_wmwip_5.10.2020.lib(net_initopts.o)
                0x00250b08                wip_netInitOpts
                0x00250ab0                wipint_pollDelete
                0x00250bb4                wip_netExit
                0x00250ae8                wipint_clockGetTime
                0x00250a88                wipint_pollAdd
 .text          0x00250c08      0x2d0 /cygdrive/c/OpenAT/Plug-ins/WIP/5.10.2020/WIP/gcc_wmwip_5.10.2020.lib(net_setopts.o)
                0x00250ebc                wip_netSetOpts
                0x00250c08                wip_netSetOptsv
 .text          0x00250ed8       0x1c /cygdrive/c/OpenAT/Plug-ins/WIP/5.10.2020/WIP/gcc_wmwip_5.10.2020.lib(net_sync.o)
                0x00250ed8                wip_netSync
 .text          0x00250ef4      0x318 /cygdrive/c/OpenAT/Plug-ins/WIP/5.10.2020/WIP/gcc_wmwip_5.10.2020.lib(queue.o)
                0x00250f58                wip_QSize
                0x00251158                wip_QPushBottom
                0x00251098                wip_QPushTop
                0x00251204                wip_QPush
                0x00250f4c                wip_QClose
                0x00250fb0                wip_QPeek
                0x00250ef4                wip_QInit
                0x00250f5c                wip_QPull
 .text          0x0025120c      0x764 /cygdrive/c/OpenAT/Plug-ins/WIP/5.10.2020/WIP/gcc_wmwip_5.10.2020.lib(readline.o)
                0x00251844                wip_rlRewriteData
                0x00251490                wip_rlConfigClose
                0x002512e4                wip_rlConfigInit
                0x002514bc                wip_rlFlush
                0x002514d4                wip_rlReadData
                0x00251610                wip_rlReadLine
                0x002518ec                wip_rlDispState
                0x00251400                wip_rlWriteData
 .text          0x00251970      0x108 /cygdrive/c/OpenAT/Plug-ins/WIP/5.10.2020/WIP/gcc_wmwip_5.10.2020.lib(wip_subLevelOpts.o)
                0x00251970                wipint_subLevelOptionsParseSet
                0x002519d8                wipint_subLevelOptionsParseGet
                0x00251a2c                wipint_subLevelOptionsRelease
                0x00251a58                wipint_subLevelOptionsApply
 .text          0x00251a78      0x2f0 /cygdrive/c/OpenAT/Plug-ins/WIP/5.10.2020/WIP/gcc_wmwip_5.10.2020.lib(wrapper.o)
                0x00251c44                wip_wrapperCreate
                0x00251ae4                wip_wrapperSwap
                0x00251b48                wip_wrapperCreateOpts
 .text          0x00251d68       0x60 /cygdrive/c/OpenAT/Plug-ins/WIP/5.10.2020/WIP/gcc_wmwip_5.10.2020.lib(wm_net_hton.o)
                0x00251d88                wm_netHTONL
                0x00251d68                wm_netHTONS
                0x00251d78                wm_netNTOHS
                0x00251da8                wm_netNTOHL
 .text          0x00251dc8      0x10c /cygdrive/c/OpenAT/Plug-ins/WIP/5.10.2020/WIP/gcc_wmwip_5.10.2020.lib(wm_net_in_aton.o)
                0x00251dc8                wm_inetNATON
                0x00251ebc                wm_inetATON
 .text          0x00251ed4       0x40 /cygdrive/c/OpenAT/Plug-ins/WIP/5.10.2020/WIP/gcc_wmwip_5.10.2020.lib(wm_net_in_ntoa.o)
                0x00251ed4                wm_inetNTOA
 .text          0x00251f14      0xf08 /cygdrive/c/OpenAT/Plug-ins/WIP/5.10.2020/WIP/gcc_wmwip_5.10.2020.lib(wm_net_wrapper.o)
                0x002525ac                wm_sockSetAsync
                0x00252588                wm_sockCreate
                0x00252ab0                wm_netIfMibIfGet
                0x002520f0                wm_netGetOption
                0x00252138                wm_netIfOpen
                0x002527a8                wm_sockShutdown
                0x00252c48                wm_netIpMibNet2MediaGet
                0x00252470                wm_netIfDrvBufEnqueue
                0x00252998                wm_rslvGetHostByNameAsync
                0x002527cc                wm_sockGetOption
                0x0025267c                wm_sockClose
                0x002522dc                wm_netIfSetOption
                0x0025270c                wm_sockConnect
                0x00252494                wm_netIfDrvBufMemCpy
                0x00252af4                wm_netIfMibIfSet
                0x00252450                wm_netIfDrvBufDequeue
                0x00252c90                wm_netIpMibNet2MediaSet
                0x0025236c                wm_netIfDrvSetOption
                0x002524c8                wm_netIfDrvBufSetLen
                0x00252b88                wm_netIpMibAddrGet
                0x00252538                wm_netIfDrvEthSetLink
                0x00252408                wm_netIfDrvBufAlloc
                0x002524f0                wm_netIfDrvSetEvent
                0x00252b2c                wm_netIpMibGet
                0x00252cfc                wm_netTcpMibGet
                0x00252340                wm_netIfDrvGetOption
                0x00252db0                wm_netUdpMibGet
                0x00252dd8                wm_netUdpMibUdpGet
                0x002523ec                wm_netIfDrvDetach
                0x00252510                wm_netIfDrvGetOptionCpy
                0x00252864                wm_sockRecvPkt
                0x00252800                wm_sockSetOption
                0x00251f14                wm_netTskGetID
                0x00252940                wm_rslvGetHostByName
                0x00252d24                wm_netTcpMibConnGet
                0x00252a88                wm_netIfMibGet
                0x00252c10                wm_netIpMibRouteSet
                0x002528f4                wm_sockSendPkt
                0x00252b54                wm_netIpMibSet
                0x00252114                wm_netSetOption
                0x00252cd4                wm_netIcmpMibGet
                0x00252734                wm_sockBind
                0x00252308                wm_netIfStart
                0x00252d6c                wm_netTcpMibConnSet
                0x00252560                wm_netIfDrvEthSetAddr
                0x0025242c                wm_netIfDrvBufFree
                0x00252398                wm_netIfDrvAttach
                0x00252030                wm_netInit
                0x00252bcc                wm_netIpMibRouteGet
                0x002528c4                wm_sockSend
                0x00252224                wm_netIfClose
                0x0025275c                wm_sockListen
                0x00252834                wm_sockRecv
                0x002522b0                wm_netIfGetOption
                0x00252780                wm_sockAccept
                0x00252324                wm_netIfStop
 .text          0x00252e1c      0x26c /cygdrive/c/OpenAT/Plug-ins/WIP/5.10.2020/WIP/gcc_wmwip_5.10.2020.lib(rawprint.o)
                0x00252e64                ngRawPrintf
 .text          0x00253088      0x5d0 /cygdrive/c/OpenAT/Plug-ins/WIP/5.10.2020/WIP/gcc_wmwip_5.10.2020.lib(br_eth.o)
                0x00253578                wipint_bearerEtherOpen
 .text          0x00253658       0x20 /cygdrive/c/OpenAT/Plug-ins/WIP/5.10.2020/WIP/gcc_wmwip_5.10.2020.lib(br_gen_close.o)
                0x00253658                wipint_bearerGenClose
 .text          0x00253678       0xf4 /cygdrive/c/OpenAT/Plug-ins/WIP/5.10.2020/WIP/gcc_wmwip_5.10.2020.lib(br_gen_getopt.o)
                0x00253678                wipint_bearerGenGetOpt
 .text          0x0025376c       0x80 /cygdrive/c/OpenAT/Plug-ins/WIP/5.10.2020/WIP/gcc_wmwip_5.10.2020.lib(br_gen_setopt.o)
                0x0025376c                wipint_bearerGenSetOpt
 .text          0x002537ec       0x30 /cygdrive/c/OpenAT/Plug-ins/WIP/5.10.2020/WIP/gcc_wmwip_5.10.2020.lib(br_gen_stop.o)
                0x002537ec                wipint_bearerGenStop
 .text          0x0025381c      0x794 /cygdrive/c/OpenAT/Plug-ins/WIP/5.10.2020/WIP/gcc_wmwip_5.10.2020.lib(br_gprs.o)
                0x00253edc                wipint_bearerGPRSOpen
 .text          0x00253fb0      0x7bc /cygdrive/c/OpenAT/Plug-ins/WIP/5.10.2020/WIP/gcc_wmwip_5.10.2020.lib(br_gsm.o)
                0x0025469c                wipint_bearerGSMOpen
 .text          0x0025476c       0x38 /cygdrive/c/OpenAT/Plug-ins/WIP/5.10.2020/WIP/gcc_wmwip_5.10.2020.lib(br_mgr_debug.o)
                0x0025476c                wipint_bearerDebug
 .text          0x002547a4       0xa0 /cygdrive/c/OpenAT/Plug-ins/WIP/5.10.2020/WIP/gcc_wmwip_5.10.2020.lib(br_ppp_getopt.o)
                0x002547a4                wipint_bearerPppGetOpt
 .text          0x00254844      0x34c /cygdrive/c/OpenAT/Plug-ins/WIP/5.10.2020/WIP/gcc_wmwip_5.10.2020.lib(br_ppp_init.o)
                0x00254adc                wipint_bearerPppInit
 .text          0x00254b90      0x1c8 /cygdrive/c/OpenAT/Plug-ins/WIP/5.10.2020/WIP/gcc_wmwip_5.10.2020.lib(br_ppp_setopt.o)
                0x00254b90                wipint_bearerPppSetOpt
 .text          0x00254d58      0x2e4 /cygdrive/c/OpenAT/Plug-ins/WIP/5.10.2020/WIP/gcc_wmwip_5.10.2020.lib(br_ppp_start.o)
                0x00254d58                wipint_bearerPppStart
 .text          0x0025503c       0x34 /cygdrive/c/OpenAT/Plug-ins/WIP/5.10.2020/WIP/gcc_wmwip_5.10.2020.lib(br_ppp_stop.o)
                0x0025503c                wipint_bearerPppStop
 .text          0x00255070      0x368 /cygdrive/c/OpenAT/Plug-ins/WIP/5.10.2020/WIP/gcc_wmwip_5.10.2020.lib(ch_class.o)
                0x002553cc                wip_instanceCreate
                0x00255070                wip_eventCreate
                0x002550e4                wip_classCreateOpts
                0x00255348                wip_instanceCreateOpts
 .text          0x002553d8      0x2ec /cygdrive/c/OpenAT/Plug-ins/WIP/5.10.2020/WIP/gcc_wmwip_5.10.2020.lib(ch_tcp_server.o)
                0x002556b4                wip_TCPServerCreate
                0x0025552c                wip_TCPServerCreateOpts
 .text          0x002556c4      0x114 /usr/local/OAT/lib/gcc/arm-elf/4.3.2/interwork/libgcc.a(_udivsi3.o)
                0x002556c4                __udivsi3
                0x002556c4                __aeabi_uidiv
                0x002557c0                __aeabi_uidivmod
 .text          0x002557d8      0x144 /usr/local/OAT/lib/gcc/arm-elf/4.3.2/interwork/libgcc.a(_divsi3.o)
                0x002557d8                __aeabi_idiv
                0x002557d8                __divsi3
                0x00255904                __aeabi_idivmod
 .text          0x0025591c       0xd0 /usr/local/OAT/lib/gcc/arm-elf/4.3.2/interwork/libgcc.a(_umodsi3.o)
                0x0025591c                __umodsi3
 .text          0x002559ec        0x4 /usr/local/OAT/lib/gcc/arm-elf/4.3.2/interwork/libgcc.a(_dvmd_tls.o)
                0x002559ec                __aeabi_ldiv0
                0x002559ec                __div0
                0x002559ec                __aeabi_idiv0
 .text          0x002559f0      0x430 /usr/local/OAT/lib/gcc/arm-elf/4.3.2/interwork/libgcc.a(_addsubdf3.o)
                0x00255db4                __floatdidf
                0x00255d34                __floatsidf
                0x00255d0c                __aeabi_ui2d
                0x002559f0                __aeabi_drsub
                0x00255d60                __extendsfdf2
                0x002559fc                __adddf3
                0x00255d0c                __floatunsidf
                0x002559fc                __aeabi_dadd
                0x00255da0                __aeabi_ul2d
                0x002559f8                __aeabi_dsub
                0x00255da0                __floatundidf
                0x00255d34                __aeabi_i2d
                0x00255db4                __aeabi_l2d
                0x00255d60                __aeabi_f2d
                0x002559f8                __subdf3
 .text          0x00255e20      0x49c /usr/local/OAT/lib/gcc/arm-elf/4.3.2/interwork/libgcc.a(_muldivdf3.o)
                0x002560b0                __aeabi_ddiv
                0x00255e20                __aeabi_dmul
                0x002560b0                __divdf3
                0x00255e20                __muldf3
 .text          0x002562bc      0x140 /usr/local/OAT/lib/gcc/arm-elf/4.3.2/interwork/libgcc.a(_cmpdf2.o)
                0x002563b4                __aeabi_dcmple
                0x002562cc                __cmpdf2
                0x002562cc                __eqdf2
                0x002562bc                __gtdf2
                0x0025636c                __aeabi_cdcmple
                0x00256350                __aeabi_cdrcmple
                0x002562c4                __ltdf2
                0x0025639c                __aeabi_dcmplt
                0x002562c4                __ledf2
                0x002563e4                __aeabi_dcmpgt
                0x002563cc                __aeabi_dcmpge
                0x002562cc                __nedf2
                0x00256384                __aeabi_dcmpeq
                0x0025636c                __aeabi_cdcmpeq
                0x002562bc                __gedf2
 .text          0x002563fc       0x5c /usr/local/OAT/lib/gcc/arm-elf/4.3.2/interwork/libgcc.a(_fixdfsi.o)
                0x002563fc                __fixdfsi
                0x002563fc                __aeabi_d2iz
 .text          0x00256458       0x54 /usr/local/OAT/lib/gcc/arm-elf/4.3.2/interwork/libgcc.a(_fixunsdfsi.o)
                0x00256458                __fixunsdfsi
                0x00256458                __aeabi_d2uiz
 .text          0x002564ac      0x2ac /usr/local/OAT/lib/gcc/arm-elf/4.3.2/interwork/libgcc.a(_addsubsf3.o)
                0x002564b8                __aeabi_fadd
                0x002564b4                __subsf3
                0x0025667c                __aeabi_i2f
                0x002564b4                __aeabi_fsub
                0x002566ac                __floatdisf
                0x0025667c                __floatsisf
                0x0025669c                __floatundisf
                0x00256674                __aeabi_ui2f
                0x002566ac                __aeabi_l2f
                0x0025669c                __aeabi_ul2f
                0x002564ac                __aeabi_frsub
                0x00256674                __floatunsisf
                0x002564b8                __addsf3
 .text          0x00256758      0x2f8 /usr/local/OAT/lib/gcc/arm-elf/4.3.2/interwork/libgcc.a(_muldivsf3.o)
                0x002568f0                __divsf3
                0x002568f0                __aeabi_fdiv
                0x00256758                __mulsf3
                0x00256758                __aeabi_fmul
 .text          0x00256a50      0x110 /usr/local/OAT/lib/gcc/arm-elf/4.3.2/interwork/libgcc.a(_cmpsf2.o)
                0x00256b48                __aeabi_fcmpgt
                0x00256a58                __lesf2
                0x00256a60                __nesf2
                0x00256b30                __aeabi_fcmpge
                0x00256a50                __gtsf2
                0x00256b18                __aeabi_fcmple
                0x00256a60                __eqsf2
                0x00256a60                __cmpsf2
                0x00256a58                __ltsf2
                0x00256ad0                __aeabi_cfcmple
                0x00256a50                __gesf2
                0x00256ae8                __aeabi_fcmpeq
                0x00256ac0                __aeabi_cfrcmple
                0x00256b00                __aeabi_fcmplt
                0x00256ad0                __aeabi_cfcmpeq
 .text          0x00256b60       0x54 /usr/local/OAT/lib/gcc/arm-elf/4.3.2/interwork/libgcc.a(_fixunssfsi.o)
                0x00256b60                __aeabi_f2uiz
                0x00256b60                __fixunssfsi
 .text          0x00256bb4       0xdc /usr/local/OAT/lib/gcc/arm-elf/4.3.2/../../../../arm-elf/lib/interwork/libc.a(lib_a-asprintf.o)
                0x00256c28                _asprintf_r
                0x00256bb4                asprintf
 .text          0x00256c90       0x30 /usr/local/OAT/lib/gcc/arm-elf/4.3.2/../../../../arm-elf/lib/interwork/libc.a(lib_a-atoi.o)
                0x00256c90                _atoi_r
                0x00256ca8                atoi
 .text          0x00256cc0        0x0 /usr/local/OAT/lib/gcc/arm-elf/4.3.2/../../../../arm-elf/lib/interwork/libc.a(lib_a-ctype_.o)
 .text          0x00256cc0       0x10 /usr/local/OAT/lib/gcc/arm-elf/4.3.2/../../../../arm-elf/lib/interwork/libc.a(lib_a-errno.o)
                0x00256cc0                __errno
 .text          0x00256cd0        0x0 /usr/local/OAT/lib/gcc/arm-elf/4.3.2/../../../../arm-elf/lib/interwork/libc.a(lib_a-impure.o)
 .text          0x00256cd0       0xa4 /usr/local/OAT/lib/gcc/arm-elf/4.3.2/../../../../arm-elf/lib/interwork/libc.a(lib_a-locale.o)
                0x00256cf8                _setlocale_r
                0x00256cd0                __locale_charset
                0x00256ce0                _localeconv_r
                0x00256d58                setlocale
                0x00256cec                localeconv
 .text          0x00256d74       0x40 /usr/local/OAT/lib/gcc/arm-elf/4.3.2/../../../../arm-elf/lib/interwork/libc.a(lib_a-malloc.o)
                0x00256d94                malloc
                0x00256d74                free
 .text          0x00256db4      0x728 /usr/local/OAT/lib/gcc/arm-elf/4.3.2/../../../../arm-elf/lib/interwork/libc.a(lib_a-mallocr.o)
                0x00256db4                _malloc_r
 .text          0x002574dc       0xac /usr/local/OAT/lib/gcc/arm-elf/4.3.2/../../../../arm-elf/lib/interwork/libc.a(lib_a-memcmp.o)
                0x002574dc                memcmp
 .text          0x00257588       0xfc /usr/local/OAT/lib/gcc/arm-elf/4.3.2/../../../../arm-elf/lib/interwork/libc.a(lib_a-memcpy.o)
                0x00257588                memcpy
 .text          0x00257684       0xd0 /usr/local/OAT/lib/gcc/arm-elf/4.3.2/../../../../arm-elf/lib/interwork/libc.a(lib_a-memset.o)
                0x00257684                memset
 .text          0x00257754        0x8 /usr/local/OAT/lib/gcc/arm-elf/4.3.2/../../../../arm-elf/lib/interwork/libc.a(lib_a-mlock.o)
                0x00257758                __malloc_unlock
                0x00257754                __malloc_lock
 .text          0x0025775c       0x54 /usr/local/OAT/lib/gcc/arm-elf/4.3.2/../../../../arm-elf/lib/interwork/libc.a(lib_a-printf.o)
                0x0025775c                printf
                0x0025778c                _printf_r
 .text          0x002577b0       0x28 /usr/local/OAT/lib/gcc/arm-elf/4.3.2/../../../../arm-elf/lib/interwork/libc.a(lib_a-realloc.o)
                0x002577b0                realloc
 .text          0x002577d8      0x514 /usr/local/OAT/lib/gcc/arm-elf/4.3.2/../../../../arm-elf/lib/interwork/libc.a(lib_a-reallocr.o)
                0x002577d8                _realloc_r
 .text          0x00257cec       0x40 /usr/local/OAT/lib/gcc/arm-elf/4.3.2/../../../../arm-elf/lib/interwork/libc.a(lib_a-sbrkr.o)
                0x00257cec                _sbrk_r
 .text          0x00257d2c       0xcc /usr/local/OAT/lib/gcc/arm-elf/4.3.2/../../../../arm-elf/lib/interwork/libc.a(lib_a-sprintf.o)
                0x00257d98                _sprintf_r
                0x00257d2c                sprintf
 .text          0x00257df8       0xf8 /usr/local/OAT/lib/gcc/arm-elf/4.3.2/../../../../arm-elf/lib/interwork/libc.a(lib_a-sscanf.o)
                0x00257e78                sscanf
                0x00257e00                _sscanf_r
 .text          0x00257ef0       0xa8 /usr/local/OAT/lib/gcc/arm-elf/4.3.2/../../../../arm-elf/lib/interwork/libc.a(lib_a-strcat.o)
                0x00257ef0                strcat
 .text          0x00257f98      0x134 /usr/local/OAT/lib/gcc/arm-elf/4.3.2/../../../../arm-elf/lib/interwork/libc.a(lib_a-strchr.o)
                0x00257f98                strchr
 .text          0x002580cc       0xe8 /usr/local/OAT/lib/gcc/arm-elf/4.3.2/../../../../arm-elf/lib/interwork/libc.a(lib_a-strcmp.o)
                0x002580cc                strcmp
 .text          0x002581b4       0xb8 /usr/local/OAT/lib/gcc/arm-elf/4.3.2/../../../../arm-elf/lib/interwork/libc.a(lib_a-strcpy.o)
                0x002581b4                strcpy
 .text          0x0025826c       0x20 /usr/local/OAT/lib/gcc/arm-elf/4.3.2/../../../../arm-elf/lib/interwork/libc.a(lib_a-strdup.o)
                0x0025826c                strdup
 .text          0x0025828c       0x40 /usr/local/OAT/lib/gcc/arm-elf/4.3.2/../../../../arm-elf/lib/interwork/libc.a(lib_a-strdup_r.o)
                0x0025828c                _strdup_r
 .text          0x002582cc       0x9c /usr/local/OAT/lib/gcc/arm-elf/4.3.2/../../../../arm-elf/lib/interwork/libc.a(lib_a-strlen.o)
                0x002582cc                strlen
 .text          0x00258368       0xe4 /usr/local/OAT/lib/gcc/arm-elf/4.3.2/../../../../arm-elf/lib/interwork/libc.a(lib_a-strncat.o)
                0x00258368                strncat
 .text          0x0025844c      0x144 /usr/local/OAT/lib/gcc/arm-elf/4.3.2/../../../../arm-elf/lib/interwork/libc.a(lib_a-strncmp.o)
                0x0025844c                strncmp
 .text          0x00258590      0x10c /usr/local/OAT/lib/gcc/arm-elf/4.3.2/../../../../arm-elf/lib/interwork/libc.a(lib_a-strncpy.o)
                0x00258590                strncpy
 .text          0x0025869c       0x1c /usr/local/OAT/lib/gcc/arm-elf/4.3.2/../../../../arm-elf/lib/interwork/libc.a(lib_a-strsep.o)
                0x0025869c                strsep
 .text          0x002586b8       0x5c /usr/local/OAT/lib/gcc/arm-elf/4.3.2/../../../../arm-elf/lib/interwork/libc.a(lib_a-strstr.o)
                0x002586b8                strstr
 .text          0x00258714       0x24 /usr/local/OAT/lib/gcc/arm-elf/4.3.2/../../../../arm-elf/lib/interwork/libc.a(lib_a-strtok.o)
                0x00258714                strtok
 .text          0x00258738       0xd0 /usr/local/OAT/lib/gcc/arm-elf/4.3.2/../../../../arm-elf/lib/interwork/libc.a(lib_a-strtok_r.o)
                0x00258800                strtok_r
                0x00258738                __strtok_r
 .text          0x00258808      0x1e4 /usr/local/OAT/lib/gcc/arm-elf/4.3.2/../../../../arm-elf/lib/interwork/libc.a(lib_a-strtol.o)
                0x002589c0                strtol
                0x00258808                _strtol_r
 .text          0x002589ec      0x7a0 /usr/local/OAT/lib/gcc/arm-elf/4.3.2/../../../../arm-elf/lib/interwork/libc.a(lib_a-syscalls.o)
                0x00258aa4                _getpid
                0x002589ec                initialise_monitor_handles
                0x00258e40                isatty
                0x00258e50                _fstat
                0x002590f0                _open
                0x00258de8                _sbrk
                0x00258ab4                _raise
                0x00258b00                _times
                0x0025910c                _stat
                0x0025916c                _lseek
                0x00258aac                _link
                0x00258f78                _swiwrite
                0x00258b40                _rename
                0x00258fb8                _swilseek
                0x00258f0c                _swiclose
                0x00258d04                _swiopen
                0x00258c8c                _unlink
                0x0025915c                _write
                0x00258e60                _kill
                0x00258ab8                _gettimeofday
                0x0025917c                _read
                0x00258e70                _exit
                0x00258bcc                _system
                0x002590b0                _swiread
                0x00258e7c                _close
 .text          0x0025918c       0x10 /usr/local/OAT/lib/gcc/arm-elf/4.3.2/../../../../arm-elf/lib/interwork/libc.a(lib_a-syswrite.o)
                0x0025918c                write
 .text          0x0025919c       0x84 /usr/local/OAT/lib/gcc/arm-elf/4.3.2/../../../../arm-elf/lib/interwork/libc.a(lib_a-vasprintf.o)
                0x0025919c                _vasprintf_r
                0x002591f4                vasprintf
 .text          0x00259220     0x1de0 /usr/local/OAT/lib/gcc/arm-elf/4.3.2/../../../../arm-elf/lib/interwork/libc.a(lib_a-vfprintf.o)
                0x00259254                _vfprintf_r
                0x0025afd4                vfprintf
 .text          0x0025b000     0x15dc /usr/local/OAT/lib/gcc/arm-elf/4.3.2/../../../../arm-elf/lib/interwork/libc.a(lib_a-vfscanf.o)
                0x0025c528                __svfscanf
                0x0025c554                _vfscanf_r
                0x0025c590                vfscanf
                0x0025b000                __svfscanf_r
 .text          0x0025c5dc       0x7c /usr/local/OAT/lib/gcc/arm-elf/4.3.2/../../../../arm-elf/lib/interwork/libc.a(lib_a-vsprintf.o)
                0x0025c62c                vsprintf
                0x0025c5dc                _vsprintf_r
 .text          0x0025c658      0x148 /usr/local/OAT/lib/gcc/arm-elf/4.3.2/../../../../arm-elf/lib/interwork/libc.a(lib_a-wsetup.o)
                0x0025c658                __swsetup_r
 .text          0x0025c7a0        0x8 /usr/local/OAT/lib/gcc/arm-elf/4.3.2/../../../../arm-elf/lib/interwork/libc.a(lib_a-OAT_close.o)
                0x0025c7a0                OAT_close
 .text          0x0025c7a8        0x8 /usr/local/OAT/lib/gcc/arm-elf/4.3.2/../../../../arm-elf/lib/interwork/libc.a(lib_a-OAT_fstat.o)
                0x0025c7a8                OAT_fstat
 .text          0x0025c7b0        0x8 /usr/local/OAT/lib/gcc/arm-elf/4.3.2/../../../../arm-elf/lib/interwork/libc.a(lib_a-OAT_isatty.o)
                0x0025c7b0                OAT_isatty
 .text          0x0025c7b8        0x8 /usr/local/OAT/lib/gcc/arm-elf/4.3.2/../../../../arm-elf/lib/interwork/libc.a(lib_a-OAT_kill.o)
                0x0025c7b8                OAT_kill
 .text          0x0025c7c0        0x8 /usr/local/OAT/lib/gcc/arm-elf/4.3.2/../../../../arm-elf/lib/interwork/libc.a(lib_a-OAT_lseek.o)
                0x0025c7c0                OAT_lseek
 .text          0x0025c7c8        0x8 /usr/local/OAT/lib/gcc/arm-elf/4.3.2/../../../../arm-elf/lib/interwork/libc.a(lib_a-OAT_open.o)
                0x0025c7c8                OAT_open
 .text          0x0025c7d0        0x8 /usr/local/OAT/lib/gcc/arm-elf/4.3.2/../../../../arm-elf/lib/interwork/libc.a(lib_a-OAT_read.o)
                0x0025c7d0                OAT_read
 .text          0x0025c7d8        0x8 /usr/local/OAT/lib/gcc/arm-elf/4.3.2/../../../../arm-elf/lib/interwork/libc.a(lib_a-OAT_write.o)
                0x0025c7d8                OAT_write
 .text          0x0025c7e0     0x16f0 /usr/local/OAT/lib/gcc/arm-elf/4.3.2/../../../../arm-elf/lib/interwork/libc.a(lib_a-dtoa.o)
                0x0025c9d4                _dtoa_r
 .text          0x0025ded0      0x1f4 /usr/local/OAT/lib/gcc/arm-elf/4.3.2/../../../../arm-elf/lib/interwork/libc.a(lib_a-fflush.o)
                0x0025e080                fflush
                0x0025ded0                _fflush_r
 .text          0x0025e0c4      0x2e4 /usr/local/OAT/lib/gcc/arm-elf/4.3.2/../../../../arm-elf/lib/interwork/libc.a(lib_a-findfp.o)
                0x0025e0c4                __sinit
                0x0025e284                __sfmoreglue
                0x0025e260                _cleanup
                0x0025e248                _cleanup_r
                0x0025e224                __fp_lock_all
                0x0025e1e0                __sfp_lock_acquire
                0x0025e2d0                __sfp
                0x0025e1ec                __sinit_lock_release
                0x0025e200                __fp_unlock_all
                0x0025e1e4                __sfp_lock_release
                0x0025e1e8                __sinit_lock_acquire
 .text          0x0025e3a8      0x21c /usr/local/OAT/lib/gcc/arm-elf/4.3.2/../../../../arm-elf/lib/interwork/libc.a(lib_a-fread.o)
                0x0025e580                fread
                0x0025e3a8                _fread_r
 .text          0x0025e5c4      0x378 /usr/local/OAT/lib/gcc/arm-elf/4.3.2/../../../../arm-elf/lib/interwork/libc.a(lib_a-freer.o)
                0x0025e6c0                _free_r
                0x0025e5c4                _malloc_trim_r
 .text          0x0025e93c      0x47c /usr/local/OAT/lib/gcc/arm-elf/4.3.2/../../../../arm-elf/lib/interwork/libc.a(lib_a-fvwrite.o)
                0x0025e93c                __sfvwrite_r